ARM Linker, RVCT4.0 [Build 524] for uVision [Evaluation]

==============================================================================

Section Cross References

    lpc2400.o(STACK) refers (Special) to heapauxi.o(.text) for __use_two_region_memory
    lpc2400.o(HEAP) refers (Special) to heapauxi.o(.text) for __use_two_region_memory
    lpc2400.o(RESET) refers (Special) to heapauxi.o(.text) for __use_two_region_memory
    lpc2400.o(RESET) refers to lpc2400.o(STACK) for Stack_Top
    lpc2400.o(RESET) refers to __main.o(!!!main) for __main
    lpc2400.o(.text) refers (Special) to heapauxi.o(.text) for __use_two_region_memory
    lpc2400.o(.text) refers to lpc2400.o(HEAP) for Heap_Mem
    lpc2400.o(.text) refers to lpc2400.o(STACK) for Stack_Mem
    main.o(.text) refers (Special) to _printf_f.o(.ARM.Collect$$_printf_percent$$00000003) for _printf_f
    main.o(.text) refers (Special) to printf1.o(x$fpl$printf1) for _printf_fp_dec
    main.o(.text) refers (Special) to _printf_percent.o(.ARM.Collect$$_printf_percent$$00000000) for _printf_percent
    main.o(.text) refers to dflt_noclz.o(x$fpl$dfltu) for __aeabi_ui2d
    main.o(.text) refers to dmul.o(x$fpl$dmul) for __aeabi_dmul
    main.o(.text) refers to noretval__2printf.o(.text) for __2printf
    main.o(.text) refers to init.o(.text) for Timer0_Init
    main.o(.text) refers to main.o(.data) for vol
    main.o(.text) refers to main.o(.bss) for mas
    main.o(.bss) refers (Special) to _printf_f.o(.ARM.Collect$$_printf_percent$$00000003) for _printf_f
    main.o(.bss) refers (Special) to printf1.o(x$fpl$printf1) for _printf_fp_dec
    main.o(.bss) refers (Special) to _printf_percent.o(.ARM.Collect$$_printf_percent$$00000000) for _printf_percent
    main.o(.data) refers (Special) to _printf_f.o(.ARM.Collect$$_printf_percent$$00000003) for _printf_f
    main.o(.data) refers (Special) to printf1.o(x$fpl$printf1) for _printf_fp_dec
    main.o(.data) refers (Special) to _printf_percent.o(.ARM.Collect$$_printf_percent$$00000000) for _printf_percent
    init.o(.text) refers to main.o(.text) for ADC_Int
    retarget.o(.text) refers (Special) to use_no_semi.o(.text) for __use_no_semihosting_swi
    retarget.o(.text) refers to serial.o(.text) for sendchar
    retarget.o(.data) refers (Special) to use_no_semi.o(.text) for __use_no_semihosting_swi
    __2printf.o(.text) refers to _printf_char_common.o(.text) for _printf_char_common
    __2printf.o(.text) refers to retarget.o(.text) for ferror
    __2printf.o(.text) refers to retarget.o(.data) for __stdout
    noretval__2printf.o(.text) refers to _printf_char_common.o(.text) for _printf_char_common
    noretval__2printf.o(.text) refers to retarget.o(.data) for __stdout
    noretval__2printf.o(.text) refers to retarget.o(.text) for fputc
    __printf.o(.text) refers to __printf.o(i.__ARM_common_call_via_r1) for __ARM_common_call_via_r1
    __printf.o(.text) refers to _printf_percent.o(.ARM.Collect$$_printf_percent$$00000000) for _printf_percent
    __printf.o(.text) refers to __printf.o(i.__ARM_common_call_via_r2) for __ARM_common_call_via_r2
    __printf_flags.o(.text) refers to __printf.o(i.__ARM_common_call_via_r1) for __ARM_common_call_via_r1
    __printf_flags.o(.text) refers to _printf_percent.o(.ARM.Collect$$_printf_percent$$00000000) for _printf_percent
    __printf_flags.o(.text) refers to __printf.o(i.__ARM_common_call_via_r2) for __ARM_common_call_via_r2
    __printf_flags.o(.text) refers to __printf_flags.o(.constdata) for .constdata
    __printf_ss.o(.text) refers to __printf.o(i.__ARM_common_call_via_r1) for __ARM_common_call_via_r1
    __printf_ss.o(.text) refers to _printf_percent.o(.ARM.Collect$$_printf_percent$$00000000) for _printf_percent
    __printf_ss.o(.text) refers to __printf.o(i.__ARM_common_call_via_r2) for __ARM_common_call_via_r2
    __printf_flags_ss.o(.text) refers to __printf.o(i.__ARM_common_call_via_r1) for __ARM_common_call_via_r1
    __printf_flags_ss.o(.text) refers to _printf_percent.o(.ARM.Collect$$_printf_percent$$00000000) for _printf_percent
    __printf_flags_ss.o(.text) refers to __printf.o(i.__ARM_common_call_via_r2) for __ARM_common_call_via_r2
    __printf_flags_ss.o(.text) refers to __printf_flags_ss.o(.constdata) for .constdata
    __printf_wp.o(.text) refers to __printf.o(i.__ARM_common_call_via_r1) for __ARM_common_call_via_r1
    __printf_wp.o(.text) refers to _printf_percent.o(.ARM.Collect$$_printf_percent$$00000000) for _printf_percent
    __printf_wp.o(.text) refers to __printf.o(i.__ARM_common_call_via_r2) for __ARM_common_call_via_r2
    __printf_flags_wp.o(.text) refers to __printf.o(i.__ARM_common_call_via_r1) for __ARM_common_call_via_r1
    __printf_flags_wp.o(.text) refers to _printf_percent.o(.ARM.Collect$$_printf_percent$$00000000) for _printf_percent
    __printf_flags_wp.o(.text) refers to __printf.o(i.__ARM_common_call_via_r2) for __ARM_common_call_via_r2
    __printf_flags_wp.o(.text) refers to __printf_flags_wp.o(.constdata) for .constdata
    __printf_ss_wp.o(.text) refers to __printf.o(i.__ARM_common_call_via_r1) for __ARM_common_call_via_r1
    __printf_ss_wp.o(.text) refers to _printf_percent.o(.ARM.Collect$$_printf_percent$$00000000) for _printf_percent
    __printf_ss_wp.o(.text) refers to __printf.o(i.__ARM_common_call_via_r2) for __ARM_common_call_via_r2
    __printf_flags_ss_wp.o(.text) refers to __printf.o(i.__ARM_common_call_via_r1) for __ARM_common_call_via_r1
    __printf_flags_ss_wp.o(.text) refers to _printf_percent.o(.ARM.Collect$$_printf_percent$$00000000) for _printf_percent
    __printf_flags_ss_wp.o(.text) refers to __printf.o(i.__ARM_common_call_via_r2) for __ARM_common_call_via_r2
    __printf_flags_ss_wp.o(.text) refers to __printf_flags_ss_wp.o(.constdata) for .constdata
    _printf_f.o(.ARM.Collect$$_printf_percent$$00000003) refers (Weak) to printf1.o(x$fpl$printf1) for _printf_fp_dec
    _printf_percent.o(.ARM.Collect$$_printf_percent$$00000000) refers (Special) to _printf_percent_end.o(.ARM.Collect$$_printf_percent$$00000017) for _printf_percent_end
    __main.o(!!!main) refers to rtentry.o(.ARM.Collect$$rtentry$$00000000) for __rt_entry
    dflt_noclz.o(x$fpl$dfltu) refers (Special) to usenofp.o(x$fpl$usenofp) for __I$use$fp
    dflt_noclz.o(x$fpl$dfltu) refers to dflt_noclz.o(x$fpl$dflt) for __dflt_normalise
    dflt_noclz.o(x$fpl$dflt) refers (Special) to usenofp.o(x$fpl$usenofp) for __I$use$fp
    dmul.o(x$fpl$dmul) refers (Special) to usenofp.o(x$fpl$usenofp) for __I$use$fp
    dmul.o(x$fpl$dmul) refers (Special) to dunder.o(x$fpl$dunder) for __dunder
    dmul.o(x$fpl$dmul) refers to dcheck.o(x$fpl$dcheck) for __fpl_dcheck_NaN2
    printf1.o(x$fpl$printf1) refers to _printf_fp_dec.o(.text) for _printf_fp_dec_real
    rtentry.o(.ARM.Collect$$rtentry$$00000000) refers (Special) to rtentry2.o(.ARM.Collect$$rtentry$$0000000A) for __rt_entry_li
    rtentry.o(.ARM.Collect$$rtentry$$00000000) refers (Special) to rtentry2.o(.ARM.Collect$$rtentry$$0000000D) for __rt_entry_main
    rtentry.o(.ARM.Collect$$rtentry$$00000000) refers (Special) to rtentry2.o(.ARM.Collect$$rtentry$$0000000C) for __rt_entry_postli_1
    rtentry.o(.ARM.Collect$$rtentry$$00000000) refers (Special) to rtentry2.o(.ARM.Collect$$rtentry$$00000009) for __rt_entry_postsh_1
    rtentry.o(.ARM.Collect$$rtentry$$00000000) refers (Special) to rtentry2.o(.ARM.Collect$$rtentry$$00000002) for __rt_entry_presh_1
    rtentry.o(.ARM.Collect$$rtentry$$00000000) refers (Special) to rtentry4.o(.ARM.Collect$$rtentry$$00000004) for __rt_entry_sh
    rtentry.o(.ARM.exidx) refers (Special) to rtentry2.o(.ARM.Collect$$rtentry$$0000000A) for __rt_entry_li
    rtentry.o(.ARM.exidx) refers (Special) to rtentry2.o(.ARM.Collect$$rtentry$$0000000D) for __rt_entry_main
    rtentry.o(.ARM.exidx) refers (Special) to rtentry2.o(.ARM.Collect$$rtentry$$0000000C) for __rt_entry_postli_1
    rtentry.o(.ARM.exidx) refers (Special) to rtentry2.o(.ARM.Collect$$rtentry$$00000009) for __rt_entry_postsh_1
    rtentry.o(.ARM.exidx) refers (Special) to rtentry2.o(.ARM.Collect$$rtentry$$00000002) for __rt_entry_presh_1
    rtentry.o(.ARM.exidx) refers (Special) to rtentry4.o(.ARM.Collect$$rtentry$$00000004) for __rt_entry_sh
    rtentry.o(.ARM.exidx) refers to rtentry.o(.ARM.Collect$$rtentry$$00000000) for .ARM.Collect$$rtentry$$00000000
    _printf_fp_dec.o(.text) refers (Special) to usenofp.o(x$fpl$usenofp) for __I$use$fp
    _printf_fp_dec.o(.text) refers (Special) to lc_numeric_c.o(locale$$code) for _get_lc_numeric
    _printf_fp_dec.o(.text) refers to istatus.o(x$fpl$ieeestatus) for __ieee_status
    _printf_fp_dec.o(.text) refers to bigflt0.o(.text) for _btod_etento
    _printf_fp_dec.o(.text) refers to btod.o(CL$$btod_d2e) for _btod_d2e
    _printf_fp_dec.o(.text) refers to btod.o(CL$$btod_ediv) for _btod_ediv
    _printf_fp_dec.o(.text) refers to btod.o(CL$$btod_emul) for _btod_emul
    _printf_fp_dec.o(.text) refers to lludiv10.o(.text) for _ll_udiv10
    _printf_fp_dec.o(.text) refers to fpclassify.o(i.__ARM_fpclassify) for __ARM_fpclassify
    _printf_fp_dec.o(.text) refers to _printf_fp_infnan.o(.text) for _printf_fp_infnan
    _printf_fp_dec.o(.text) refers to rtudiv10.o(.text) for __rt_udiv10
    _printf_fp_dec.o(.text) refers to __printf.o(i.__ARM_common_call_via_r2) for __ARM_common_call_via_r2
    _printf_fp_dec.o(.text) refers to rt_locale_intlibspace.o(.text) for __rt_locale
    _printf_char_common.o(.text) refers to __printf.o(.text) for __printf
    dcheck.o(x$fpl$dcheck) refers (Special) to usenofp.o(x$fpl$usenofp) for __I$use$fp
    dcheck.o(x$fpl$dcheck) refers to retnan.o(x$fpl$retnan) for __fpl_return_NaN
    dunder.o(x$fpl$dunder) refers (Special) to usenofp.o(x$fpl$usenofp) for __I$use$fp
    rtentry2.o(.ARM.Collect$$rtentry$$00000008) refers to boardinit2.o(.text) for _platform_post_stackheap_init
    rtentry2.o(.ARM.Collect$$rtentry$$0000000A) refers to libinit.o(.ARM.Collect$$libinit$$00000000) for __rt_lib_init
    rtentry2.o(.ARM.Collect$$rtentry$$0000000B) refers to boardinit3.o(.text) for _platform_post_lib_init
    rtentry2.o(.ARM.Collect$$rtentry$$0000000D) refers to exit.o(.text) for exit
    rtentry2.o(.ARM.Collect$$rtentry$$0000000D) refers to main.o(.text) for main
    rtentry2.o(.ARM.exidx) refers to rtentry2.o(.ARM.Collect$$rtentry$$00000001) for .ARM.Collect$$rtentry$$00000001
    rtentry2.o(.ARM.exidx) refers to rtentry2.o(.ARM.Collect$$rtentry$$00000002) for .ARM.Collect$$rtentry$$00000002
    rtentry2.o(.ARM.exidx) refers to rtentry2.o(.ARM.Collect$$rtentry$$00000008) for .ARM.Collect$$rtentry$$00000008
    rtentry2.o(.ARM.exidx) refers to rtentry2.o(.ARM.Collect$$rtentry$$00000009) for .ARM.Collect$$rtentry$$00000009
    rtentry2.o(.ARM.exidx) refers to rtentry2.o(.ARM.Collect$$rtentry$$0000000A) for .ARM.Collect$$rtentry$$0000000A
    rtentry2.o(.ARM.exidx) refers to rtentry2.o(.ARM.Collect$$rtentry$$0000000B) for .ARM.Collect$$rtentry$$0000000B
    rtentry2.o(.ARM.exidx) refers to rtentry2.o(.ARM.Collect$$rtentry$$0000000C) for .ARM.Collect$$rtentry$$0000000C
    rtentry2.o(.ARM.exidx) refers to rtentry2.o(.ARM.Collect$$rtentry$$0000000D) for .ARM.Collect$$rtentry$$0000000D
    rtentry4.o(.ARM.Collect$$rtentry$$00000004) refers to sys_stackheap_outer.o(.text) for __user_setup_stackheap
    rtentry4.o(.ARM.exidx) refers to rtentry4.o(.ARM.Collect$$rtentry$$00000004) for .ARM.Collect$$rtentry$$00000004
    rt_locale.o(.text) refers to rt_locale.o(.bss) for __rt_locale_data
    rt_locale_intlibspace.o(.text) refers to libspace.o(.bss) for __libspace_start
    _printf_fp_infnan.o(.text) refers to __printf.o(i.__ARM_common_call_via_r2) for __ARM_common_call_via_r2
    __printf_nopercent.o(.text) refers to __printf_nopercent.o(i.__ARM_common_call_via_r7) for __ARM_common_call_via_r7
    __printf_nopercent.o(.text) refers to __printf_nopercent.o(i.__ARM_common_call_via_r5) for __ARM_common_call_via_r5
    bigflt0.o(.text) refers (Special) to usenofp.o(x$fpl$usenofp) for __I$use$fp
    bigflt0.o(.text) refers to aeabi_sdiv.o(.text) for __aeabi_idivmod
    bigflt0.o(.text) refers to btod.o(CL$$btod_emul) for _btod_emul
    bigflt0.o(.text) refers to btod.o(CL$$btod_ediv) for _btod_ediv
    bigflt0.o(.text) refers to bigflt0.o(.constdata) for .constdata
    bigflt0.o(.constdata) refers (Special) to usenofp.o(x$fpl$usenofp) for __I$use$fp
    btod.o(CL$$btod_d2e) refers (Special) to usenofp.o(x$fpl$usenofp) for __I$use$fp
    btod.o(CL$$btod_d2e) refers to btod.o(CL$$btod_d2e_norm_op1) for _d2e_norm_op1
    btod.o(CL$$btod_d2e_norm_op1) refers (Special) to usenofp.o(x$fpl$usenofp) for __I$use$fp
    btod.o(CL$$btod_d2e_norm_op1) refers to btod.o(CL$$btod_d2e_denorm_low) for _d2e_denorm_low
    btod.o(CL$$btod_d2e_denorm_low) refers (Special) to usenofp.o(x$fpl$usenofp) for __I$use$fp
    btod.o(CL$$btod_emul) refers (Special) to usenofp.o(x$fpl$usenofp) for __I$use$fp
    btod.o(CL$$btod_emul) refers to btod.o(CL$$btod_mult_common) for __btod_mult_common
    btod.o(CL$$btod_emul) refers to btod.o(CL$$btod_e2e) for _e2e
    btod.o(CL$$btod_ediv) refers (Special) to usenofp.o(x$fpl$usenofp) for __I$use$fp
    btod.o(CL$$btod_ediv) refers to btod.o(CL$$btod_div_common) for __btod_div_common
    btod.o(CL$$btod_ediv) refers to btod.o(CL$$btod_e2e) for _e2e
    btod.o(CL$$btod_emuld) refers (Special) to usenofp.o(x$fpl$usenofp) for __I$use$fp
    btod.o(CL$$btod_emuld) refers to btod.o(CL$$btod_mult_common) for __btod_mult_common
    btod.o(CL$$btod_emuld) refers to btod.o(CL$$btod_e2d) for _e2d
    btod.o(CL$$btod_edivd) refers (Special) to usenofp.o(x$fpl$usenofp) for __I$use$fp
    btod.o(CL$$btod_edivd) refers to btod.o(CL$$btod_div_common) for __btod_div_common
    btod.o(CL$$btod_edivd) refers to btod.o(CL$$btod_e2d) for _e2d
    btod.o(CL$$btod_e2e) refers (Special) to usenofp.o(x$fpl$usenofp) for __I$use$fp
    btod.o(CL$$btod_e2d) refers (Special) to usenofp.o(x$fpl$usenofp) for __I$use$fp
    btod.o(CL$$btod_e2d) refers to btod.o(CL$$btod_e2e) for _e2e
    btod.o(CL$$btod_mult_common) refers (Special) to usenofp.o(x$fpl$usenofp) for __I$use$fp
    btod.o(CL$$btod_div_common) refers (Special) to usenofp.o(x$fpl$usenofp) for __I$use$fp
    lc_numeric_c.o(locale$$data) refers (Special) to libinit2.o(.ARM.Collect$$libinit$$00000012) for __rt_lib_init_lc_numeric_2
    lc_numeric_c.o(locale$$code) refers (Special) to libinit2.o(.ARM.Collect$$libinit$$00000012) for __rt_lib_init_lc_numeric_2
    lc_numeric_c.o(locale$$code) refers to strcmp.o(.text) for strcmp
    lc_numeric_c.o(locale$$code) refers to lc_numeric_c.o(locale$$data) for __lcnum_c_name
    istatus.o(x$fpl$ieeestatus) refers (Special) to usenofp.o(x$fpl$usenofp) for __I$use$fp
    retnan.o(x$fpl$retnan) refers (Special) to usenofp.o(x$fpl$usenofp) for __I$use$fp
    retnan.o(x$fpl$retnan) refers to trapv.o(x$fpl$trapveneer) for __fpl_cmpreturn
    fpclassify.o(i.__ARM_fpclassify) refers (Special) to usenofp.o(x$fpl$usenofp) for __I$use$fp
    libspace.o(.text) refers to libspace.o(.bss) for __libspace_start
    sys_stackheap_outer.o(.text) refers to libspace.o(.text) for __user_perproc_libspace
    sys_stackheap_outer.o(.text) refers to lpc2400.o(.text) for __user_initial_stackheap
    exit.o(.text) refers to rtexit.o(.ARM.Collect$$rtexit$$00000000) for __rt_exit
    aeabi_sdiv.o(.text_udiv) refers to aeabi_sdiv.o(.text) for __arm_div4
    aeabi_sdiv_div0.o(.text_udiv) refers to aeabi_sdiv_div0.o(.text) for __arm_div4
    libinit.o(.ARM.Collect$$libinit$$00000000) refers (Special) to libinit2.o(.ARM.Collect$$libinit$$0000002A) for __rt_lib_init_alloca_1
    libinit.o(.ARM.Collect$$libinit$$00000000) refers (Special) to libinit2.o(.ARM.Collect$$libinit$$00000028) for __rt_lib_init_argv_1
    libinit.o(.ARM.Collect$$libinit$$00000000) refers (Special) to libinit2.o(.ARM.Collect$$libinit$$00000017) for __rt_lib_init_atexit_1
    libinit.o(.ARM.Collect$$libinit$$00000000) refers (Special) to libinit2.o(.ARM.Collect$$libinit$$0000001D) for __rt_lib_init_clock_1
    libinit.o(.ARM.Collect$$libinit$$00000000) refers (Special) to libinit2.o(.ARM.Collect$$libinit$$0000002E) for __rt_lib_init_cpp_1
    libinit.o(.ARM.Collect$$libinit$$00000000) refers (Special) to libinit2.o(.ARM.Collect$$libinit$$0000002C) for __rt_lib_init_exceptions_1
    libinit.o(.ARM.Collect$$libinit$$00000000) refers (Special) to libinit2.o(.ARM.Collect$$libinit$$0000001B) for __rt_lib_init_fp_trap_1
    libinit.o(.ARM.Collect$$libinit$$00000000) refers (Special) to libinit2.o(.ARM.Collect$$libinit$$0000001F) for __rt_lib_init_getenv_1
    libinit.o(.ARM.Collect$$libinit$$00000000) refers (Special) to libinit2.o(.ARM.Collect$$libinit$$00000006) for __rt_lib_init_heap_1
    libinit.o(.ARM.Collect$$libinit$$00000000) refers (Special) to libinit2.o(.ARM.Collect$$libinit$$0000000D) for __rt_lib_init_lc_collate_1
    libinit.o(.ARM.Collect$$libinit$$00000000) refers (Special) to libinit2.o(.ARM.Collect$$libinit$$0000000F) for __rt_lib_init_lc_ctype_1
    libinit.o(.ARM.Collect$$libinit$$00000000) refers (Special) to libinit2.o(.ARM.Collect$$libinit$$00000011) for __rt_lib_init_lc_monetary_1
    libinit.o(.ARM.Collect$$libinit$$00000000) refers (Special) to libinit2.o(.ARM.Collect$$libinit$$00000013) for __rt_lib_init_lc_numeric_1
    libinit.o(.ARM.Collect$$libinit$$00000000) refers (Special) to libinit2.o(.ARM.Collect$$libinit$$00000015) for __rt_lib_init_lc_time_1
    libinit.o(.ARM.Collect$$libinit$$00000000) refers (Special) to libinit2.o(.ARM.Collect$$libinit$$0000000A) for __rt_lib_init_rand_1
    libinit.o(.ARM.Collect$$libinit$$00000000) refers (Special) to libinit2.o(.ARM.Collect$$libinit$$0000002F) for __rt_lib_init_return
    libinit.o(.ARM.Collect$$libinit$$00000000) refers (Special) to libinit2.o(.ARM.Collect$$libinit$$00000019) for __rt_lib_init_signal_1
    libinit.o(.ARM.Collect$$libinit$$00000000) refers (Special) to libinit2.o(.ARM.Collect$$libinit$$00000021) for __rt_lib_init_stdio_1
    libinit.o(.ARM.Collect$$libinit$$00000000) refers (Special) to libinit2.o(.ARM.Collect$$libinit$$00000008) for __rt_lib_init_user_alloc_1
    libinit.o(.ARM.Collect$$libinit$$00000000) refers to fpinit.o(x$fpl$fpinit) for _fp_init
    libinit2.o(.ARM.Collect$$libinit$$0000000B) refers (Weak) to rt_locale_intlibspace.o(.text) for __rt_locale
    libinit2.o(.ARM.Collect$$libinit$$0000000C) refers to libinit2.o(.ARM.Collect$$libinit$$0000000B) for .ARM.Collect$$libinit$$0000000B
    libinit2.o(.ARM.Collect$$libinit$$0000000E) refers to libinit2.o(.ARM.Collect$$libinit$$0000000B) for .ARM.Collect$$libinit$$0000000B
    libinit2.o(.ARM.Collect$$libinit$$00000010) refers to libinit2.o(.ARM.Collect$$libinit$$0000000B) for .ARM.Collect$$libinit$$0000000B
    libinit2.o(.ARM.Collect$$libinit$$00000012) refers to libinit2.o(.ARM.Collect$$libinit$$0000000B) for .ARM.Collect$$libinit$$0000000B
    libinit2.o(.ARM.Collect$$libinit$$00000012) refers (Weak) to lc_numeric_c.o(locale$$code) for _get_lc_numeric
    libinit2.o(.ARM.Collect$$libinit$$00000014) refers to libinit2.o(.ARM.Collect$$libinit$$0000000B) for .ARM.Collect$$libinit$$0000000B
    libinit2.o(.ARM.Collect$$libinit$$00000022) refers to argv_veneer.o(.emb_text) for __ARM_argv_veneer
    libinit2.o(.ARM.Collect$$libinit$$00000023) refers to argv_veneer.o(.emb_text) for __ARM_argv_veneer
    trapv.o(x$fpl$trapveneer) refers (Special) to usenofp.o(x$fpl$usenofp) for __I$use$fp
    rtexit.o(.ARM.Collect$$rtexit$$00000000) refers (Special) to rtexit2.o(.ARM.Collect$$rtexit$$00000004) for __rt_exit_exit
    rtexit.o(.ARM.Collect$$rtexit$$00000000) refers (Special) to rtexit2.o(.ARM.Collect$$rtexit$$00000003) for __rt_exit_ls
    rtexit.o(.ARM.Collect$$rtexit$$00000000) refers (Special) to rtexit2.o(.ARM.Collect$$rtexit$$00000002) for __rt_exit_prels_1
    rtexit.o(.ARM.exidx) refers (Special) to rtexit2.o(.ARM.Collect$$rtexit$$00000004) for __rt_exit_exit
    rtexit.o(.ARM.exidx) refers (Special) to rtexit2.o(.ARM.Collect$$rtexit$$00000003) for __rt_exit_ls
    rtexit.o(.ARM.exidx) refers (Special) to rtexit2.o(.ARM.Collect$$rtexit$$00000002) for __rt_exit_prels_1
    rtexit.o(.ARM.exidx) refers to rtexit.o(.ARM.Collect$$rtexit$$00000000) for .ARM.Collect$$rtexit$$00000000
    aeabi_idiv0_sigfpe.o(.text) refers to rt_div0.o(.text) for __rt_div0
    argv_veneer.o(.emb_text) refers to no_argv.o(.text) for __ARM_get_argv
    rtexit2.o(.ARM.Collect$$rtexit$$00000003) refers to libshutdown.o(.ARM.Collect$$libshutdown$$00000000) for __rt_lib_shutdown
    rtexit2.o(.ARM.Collect$$rtexit$$00000004) refers to retarget.o(.text) for _sys_exit
    rtexit2.o(.ARM.exidx) refers to rtexit2.o(.ARM.Collect$$rtexit$$00000001) for .ARM.Collect$$rtexit$$00000001
    rtexit2.o(.ARM.exidx) refers to rtexit2.o(.ARM.Collect$$rtexit$$00000002) for .ARM.Collect$$rtexit$$00000002
    rtexit2.o(.ARM.exidx) refers to rtexit2.o(.ARM.Collect$$rtexit$$00000003) for .ARM.Collect$$rtexit$$00000003
    rtexit2.o(.ARM.exidx) refers to rtexit2.o(.ARM.Collect$$rtexit$$00000004) for .ARM.Collect$$rtexit$$00000004
    rt_div0.o(.text) refers to defsig_fpe_outer.o(.text) for __rt_SIGFPE
    _get_argv_nomalloc.o(.text) refers (Special) to hrguard.o(.text) for __heap_region$guard
    _get_argv_nomalloc.o(.text) refers to defsig_rtmem_outer.o(.text) for __rt_SIGRTMEM
    _get_argv_nomalloc.o(.text) refers to sys_command.o(.text) for _sys_command_string
    sys_command.o(.text) refers (Special) to use_no_semi.o(.text) for __I$use$semihosting
    defsig_fpe_outer.o(.text) refers to defsig_fpe_inner.o(.text) for __rt_SIGFPE_inner
    defsig_fpe_outer.o(.text) refers to defsig_exit.o(.text) for __sig_exit
    defsig_fpe_formal.o(.text) refers to rt_raise.o(.text) for __rt_raise
    defsig_rtmem_outer.o(.text) refers to defsig_rtmem_inner.o(.text) for __rt_SIGRTMEM_inner
    defsig_rtmem_outer.o(.text) refers to defsig_exit.o(.text) for __sig_exit
    defsig_rtmem_formal.o(.text) refers to rt_raise.o(.text) for __rt_raise
    libshutdown.o(.ARM.Collect$$libshutdown$$00000000) refers (Special) to libshutdown2.o(.ARM.Collect$$libshutdown$$00000006) for __rt_lib_shutdown_fp_trap_1
    libshutdown.o(.ARM.Collect$$libshutdown$$00000000) refers (Special) to libshutdown2.o(.ARM.Collect$$libshutdown$$0000000E) for __rt_lib_shutdown_heap_1
    libshutdown.o(.ARM.Collect$$libshutdown$$00000000) refers (Special) to libshutdown2.o(.ARM.Collect$$libshutdown$$0000000F) for __rt_lib_shutdown_return
    libshutdown.o(.ARM.Collect$$libshutdown$$00000000) refers (Special) to libshutdown2.o(.ARM.Collect$$libshutdown$$00000009) for __rt_lib_shutdown_signal_1
    libshutdown.o(.ARM.Collect$$libshutdown$$00000000) refers (Special) to libshutdown2.o(.ARM.Collect$$libshutdown$$00000003) for __rt_lib_shutdown_stdio_1
    libshutdown.o(.ARM.Collect$$libshutdown$$00000000) refers (Special) to libshutdown2.o(.ARM.Collect$$libshutdown$$0000000B) for __rt_lib_shutdown_user_alloc_1
    rt_raise.o(.text) refers to __raise.o(.text) for __raise
    rt_raise.o(.text) refers to retarget.o(.text) for _sys_exit
    defsig_exit.o(.text) refers to retarget.o(.text) for _sys_exit
    defsig_fpe_inner.o(.text) refers to defsig_general.o(.text) for __default_signal_display
    defsig_rtmem_inner.o(.text) refers to defsig_general.o(.text) for __default_signal_display
    __raise.o(.text) refers to defsig.o(CL$$defsig) for __default_signal_handler
    __raise.o(.text) refers to __printf.o(i.__ARM_common_call_via_r2) for __ARM_common_call_via_r2
    defsig_general.o(.text) refers to retarget.o(.text) for _ttywrch
    defsig.o(CL$$defsig) refers to defsig_fpe_inner.o(.text) for __rt_SIGFPE_inner
    defsig.o(CL$$defsig) refers to defsig_rtmem_inner.o(.text) for __rt_SIGRTMEM_inner
    defsig_abrt_inner.o(.text) refers to defsig_general.o(.text) for __default_signal_display
    defsig_rtred_inner.o(.text) refers to defsig_general.o(.text) for __default_signal_display
    defsig_stak_inner.o(.text) refers to defsig_general.o(.text) for __default_signal_display
    defsig_pvfn_inner.o(.text) refers to defsig_general.o(.text) for __default_signal_display
    defsig_cppl_inner.o(.text) refers to defsig_general.o(.text) for __default_signal_display
    defsig_segv_inner.o(.text) refers to defsig_general.o(.text) for __default_signal_display
    defsig_other.o(.text) refers to defsig_general.o(.text) for __default_signal_display


==============================================================================

Adding Veneers to the image

    Adding TA veneer (4 bytes, Inline) for call to '_printf_percent' from __printf.o(.text).
    Adding AT veneer (8 bytes, Inline) for call to '__rt_lib_init' from rtentry2.o(.ARM.Collect$$rtentry$$0000000A).
    Adding AT veneer (8 bytes, Inline) for call to '__rt_lib_shutdown' from rtexit2.o(.ARM.Collect$$rtexit$$00000003).
    Adding TA veneer (4 bytes, Inline) for call to '__rt_exit' from exit.o(.text).
    Adding AT veneer (8 bytes, Inline) for call to '__2printf' from main.o(.text).
    Adding TA veneer (4 bytes, Inline) for call to '__rt_locale' from libinit2.o(.ARM.Collect$$libinit$$0000000B).
    Adding TA veneer (4 bytes, Inline) for call to '_ll_udiv10' from _printf_fp_dec.o(.text).
    Adding TA veneer (4 bytes, Inline) for call to '__rt_udiv10' from _printf_fp_dec.o(.text).
    Adding TA veneer (4 bytes, Inline) for call to '__aeabi_idivmod' from bigflt0.o(.text).
    Adding TA veneer (4 bytes, Inline) for call to '_btod_d2e' from _printf_fp_dec.o(.text).
    Adding TA veneer (4 bytes, Inline) for call to '_btod_ediv' from _printf_fp_dec.o(.text).
    Adding TA veneer (4 bytes, Inline) for call to '_btod_emul' from _printf_fp_dec.o(.text).
    Adding AT veneer (12 bytes, Long) for call to '_printf_fp_dec_real' from printf1.o(x$fpl$printf1).
    Adding TA veneer (4 bytes, Inline) for call to '__ARM_fpclassify' from _printf_fp_dec.o(.text).
    Adding TA veneer (4 bytes, Inline) for call to '_get_lc_numeric' from libinit2.o(.ARM.Collect$$libinit$$00000012).
    Adding TA veneer (4 bytes, Inline) for call to '_fp_init' from libinit.o(.ARM.Collect$$libinit$$00000000).
    Adding TA veneer (4 bytes, Inline) for call to '__ieee_status' from _printf_fp_dec.o(.text).

17 Veneer(s) (total 88 bytes) added to the image.

==============================================================================

Image Symbol Table

    Local Symbols

    Symbol Name                              Value     Ov Type        Size  Object(Section)

    RESET                                    0x00000000   Section      364  lpc2400.o(RESET)
    ../../angel/boardlib.s                   0x00000000   Number         0  boardshut.o ABSOLUTE
    ../../angel/boardlib.s                   0x00000000   Number         0  boardinit2.o ABSOLUTE
    ../../angel/boardlib.s                   0x00000000   Number         0  boardinit1.o ABSOLUTE
    ../../angel/boardlib.s                   0x00000000   Number         0  boardinit3.o ABSOLUTE
    ../../angel/handlers.s                   0x00000000   Number         0  __scatter_zi.o ABSOLUTE
    ../../angel/handlers.s                   0x00000000   Number         0  __scatter_copy.o ABSOLUTE
    ../../angel/kernel.s                     0x00000000   Number         0  rtexit.o ABSOLUTE
    ../../angel/kernel.s                     0x00000000   Number         0  rtentry.o ABSOLUTE
    ../../angel/kernel.s                     0x00000000   Number         0  rtexit2.o ABSOLUTE
    ../../angel/kernel.s                     0x00000000   Number         0  rtentry4.o ABSOLUTE
    ../../angel/kernel.s                     0x00000000   Number         0  rtentry2.o ABSOLUTE
    ../../angel/rt.s                         0x00000000   Number         0  rt_div0.o ABSOLUTE
    ../../angel/rt.s                         0x00000000   Number         0  rt_locale_intlibspace.o ABSOLUTE
    ../../angel/rt.s                         0x00000000   Number         0  rt_locale.o ABSOLUTE
    ../../angel/rt.s                         0x00000000   Number         0  aeabi_idiv0.o ABSOLUTE
    ../../angel/rt.s                         0x00000000   Number         0  rt_raise.o ABSOLUTE
    ../../angel/rt.s                         0x00000000   Number         0  aeabi_idiv0_sigfpe.o ABSOLUTE
    ../../angel/scatter.s                    0x00000000   Number         0  __scatter.o ABSOLUTE
    ../../angel/startup.s                    0x00000000   Number         0  __main.o ABSOLUTE
    ../../angel/sys.s                        0x00000000   Number         0  use_no_semi.o ABSOLUTE
    ../../angel/sys.s                        0x00000000   Number         0  libspace.o ABSOLUTE
    ../../angel/sys.s                        0x00000000   Number         0  sys_stackheap_outer.o ABSOLUTE
    ../../angel/sysapp.c                     0x00000000   Number         0  sys_command.o ABSOLUTE
    ../../armsys.c                           0x00000000   Number         0  no_argv.o ABSOLUTE
    ../../armsys.c                           0x00000000   Number         0  argv_veneer.o ABSOLUTE
    ../../armsys.c                           0x00000000   Number         0  argv_veneer.o ABSOLUTE
    ../../armsys.c                           0x00000000   Number         0  _get_argv_nomalloc.o ABSOLUTE
    ../../bigflt.c                           0x00000000   Number         0  bigflt0.o ABSOLUTE
    ../../btod.s                             0x00000000   Number         0  btod.o ABSOLUTE
    ../../dcheck.s                           0x00000000   Number         0  dcheck.o ABSOLUTE
    ../../dflt.s                             0x00000000   Number         0  dflt_noclz.o ABSOLUTE
    ../../division.s                         0x00000000   Number         0  aeabi_sdiv.o ABSOLUTE
    ../../division.s                         0x00000000   Number         0  aeabi_sdiv_div0.o ABSOLUTE
    ../../division.s                         0x00000000   Number         0  rtudiv10.o ABSOLUTE
    ../../divrt.s                            0x00000000   Number         0  divrt_7tdmi_div0.o ABSOLUTE
    ../../divrt.s                            0x00000000   Number         0  divrt_7tdmi.o ABSOLUTE
    ../../dmul.s                             0x00000000   Number         0  dmul.o ABSOLUTE
    ../../dunder.s                           0x00000000   Number         0  dunder.o ABSOLUTE
    ../../fpclassify.c                       0x00000000   Number         0  fpclassify.o ABSOLUTE
    ../../fpinit.s                           0x00000000   Number         0  fpinit.o ABSOLUTE
    ../../heapalloc.c                        0x00000000   Number         0  hrguard.o ABSOLUTE
    ../../heapaux.c                          0x00000000   Number         0  heapauxi.o ABSOLUTE
    ../../istatus.s                          0x00000000   Number         0  istatus.o ABSOLUTE
    ../../libinit.s                          0x00000000   Number         0  libshutdown2.o ABSOLUTE
    ../../libinit.s                          0x00000000   Number         0  libinit.o ABSOLUTE
    ../../libinit.s                          0x00000000   Number         0  libinit2.o ABSOLUTE
    ../../libinit.s                          0x00000000   Number         0  libshutdown.o ABSOLUTE
    ../../locale.s                           0x00000000   Number         0  lc_numeric_c.o ABSOLUTE
    ../../longlong.s                         0x00000000   Number         0  lludiv10.o ABSOLUTE
    ../../memcpset.s                         0x00000000   Number         0  strcmp.o ABSOLUTE
    ../../printf.c                           0x00000000   Number         0  _printf_fp_infnan.o ABSOLUTE
    ../../printf.c                           0x00000000   Number         0  _printf_fp_dec.o ABSOLUTE
    ../../printf.c                           0x00000000   Number         0  __printf_ss.o ABSOLUTE
    ../../printf.c                           0x00000000   Number         0  __2printf.o ABSOLUTE
    ../../printf.c                           0x00000000   Number         0  noretval__2printf.o ABSOLUTE
    ../../printf.c                           0x00000000   Number         0  __printf.o ABSOLUTE
    ../../printf.c                           0x00000000   Number         0  __printf_flags.o ABSOLUTE
    ../../printf.c                           0x00000000   Number         0  __printf_flags_ss.o ABSOLUTE
    ../../printf.c                           0x00000000   Number         0  __printf_wp.o ABSOLUTE
    ../../printf.c                           0x00000000   Number         0  __printf_flags_wp.o ABSOLUTE
    ../../printf.c                           0x00000000   Number         0  __printf_ss_wp.o ABSOLUTE
    ../../printf.c                           0x00000000   Number         0  __printf_flags_ss_wp.o ABSOLUTE
    ../../printf.c                           0x00000000   Number         0  _printf_char_common.o ABSOLUTE
    ../../printf.c                           0x00000000   Number         0  __printf_nopercent.o ABSOLUTE
    ../../printf1.s                          0x00000000   Number         0  printf1.o ABSOLUTE
    ../../printf_percent.s                   0x00000000   Number         0  _printf_percent_end.o ABSOLUTE
    ../../printf_percent.s                   0x00000000   Number         0  _printf_percent.o ABSOLUTE
    ../../printf_percent.s                   0x00000000   Number         0  _printf_f.o ABSOLUTE
    ../../retnan.s                           0x00000000   Number         0  retnan.o ABSOLUTE
    ../../signal.c                           0x00000000   Number         0  defsig_rtmem_outer.o ABSOLUTE
    ../../signal.c                           0x00000000   Number         0  defsig_fpe_formal.o ABSOLUTE
    ../../signal.c                           0x00000000   Number         0  defsig_fpe_outer.o ABSOLUTE
    ../../signal.c                           0x00000000   Number         0  __raise.o ABSOLUTE
    ../../signal.c                           0x00000000   Number         0  defsig_general.o ABSOLUTE
    ../../signal.c                           0x00000000   Number         0  defsig_rtred_inner.o ABSOLUTE
    ../../signal.c                           0x00000000   Number         0  defsig_stak_inner.o ABSOLUTE
    ../../signal.c                           0x00000000   Number         0  defsig_pvfn_inner.o ABSOLUTE
    ../../signal.c                           0x00000000   Number         0  defsig_cppl_inner.o ABSOLUTE
    ../../signal.c                           0x00000000   Number         0  defsig_rtmem_formal.o ABSOLUTE
    ../../signal.c                           0x00000000   Number         0  defsig_segv_inner.o ABSOLUTE
    ../../signal.c                           0x00000000   Number         0  defsig_other.o ABSOLUTE
    ../../signal.c                           0x00000000   Number         0  defsig_rtmem_inner.o ABSOLUTE
    ../../signal.c                           0x00000000   Number         0  defsig_abrt_inner.o ABSOLUTE
    ../../signal.c                           0x00000000   Number         0  defsig_exit.o ABSOLUTE
    ../../signal.c                           0x00000000   Number         0  defsig_fpe_inner.o ABSOLUTE
    ../../signal.s                           0x00000000   Number         0  defsig.o ABSOLUTE
    ../../stdlib.c                           0x00000000   Number         0  exit.o ABSOLUTE
    ../../trapv.s                            0x00000000   Number         0  trapv.o ABSOLUTE
    ../../usenofp.s                          0x00000000   Number         0  usenofp.o ABSOLUTE
    Init.c                                   0x00000000   Number         0  init.o ABSOLUTE
    LPC2400.s                                0x00000000   Number         0  lpc2400.o ABSOLUTE
    MAIN.C                                   0x00000000   Number         0  main.o ABSOLUTE
    Retarget.c                               0x00000000   Number         0  retarget.o ABSOLUTE
    Serial.c                                 0x00000000   Number         0  serial.o ABSOLUTE
    dc.s                                     0x00000000   Number         0  dc.o ABSOLUTE
    Undef_Handler                            0x00000040   ARM Code       4  lpc2400.o(RESET)
    SWI_Handler                              0x00000044   ARM Code       4  lpc2400.o(RESET)
    PAbt_Handler                             0x00000048   ARM Code       4  lpc2400.o(RESET)
    DAbt_Handler                             0x0000004c   ARM Code       4  lpc2400.o(RESET)
    IRQ_Handler                              0x00000050   ARM Code       4  lpc2400.o(RESET)
    FIQ_Handler                              0x00000054   ARM Code       4  lpc2400.o(RESET)
    !!!main                                  0x0000016c   Section        8  __main.o(!!!main)
    !!!scatter                               0x00000174   Section       60  __scatter.o(!!!scatter)
    !!handler_copy                           0x000001b0   Section       40  __scatter_copy.o(!!handler_copy)
    !!handler_zi                             0x000001d8   Section       44  __scatter_zi.o(!!handler_zi)
    .ARM.Collect$$_printf_percent$$00000000  0x00000208   Section        0  _printf_percent.o(.ARM.Collect$$_printf_percent$$00000000)
    .ARM.Collect$$_printf_percent$$00000003  0x00000208   Section        8  _printf_f.o(.ARM.Collect$$_printf_percent$$00000003)
    .ARM.Collect$$_printf_percent$$00000017  0x00000210   Section        8  _printf_percent_end.o(.ARM.Collect$$_printf_percent$$00000017)
    .ARM.Collect$$libinit$$00000000          0x00000220   Section        6  libinit.o(.ARM.Collect$$libinit$$00000000)
    .ARM.Collect$$libinit$$00000006          0x00000226   Section        0  libinit2.o(.ARM.Collect$$libinit$$00000006)
    .ARM.Collect$$libinit$$00000008          0x00000226   Section        0  libinit2.o(.ARM.Collect$$libinit$$00000008)
    .ARM.Collect$$libinit$$0000000A          0x00000226   Section        0  libinit2.o(.ARM.Collect$$libinit$$0000000A)
    .ARM.Collect$$libinit$$0000000B          0x00000226   Section        6  libinit2.o(.ARM.Collect$$libinit$$0000000B)
    .ARM.Collect$$libinit$$0000000D          0x0000022c   Section        0  libinit2.o(.ARM.Collect$$libinit$$0000000D)
    .ARM.Collect$$libinit$$0000000F          0x0000022c   Section        0  libinit2.o(.ARM.Collect$$libinit$$0000000F)
    .ARM.Collect$$libinit$$00000011          0x0000022c   Section        0  libinit2.o(.ARM.Collect$$libinit$$00000011)
    .ARM.Collect$$libinit$$00000012          0x0000022c   Section       10  libinit2.o(.ARM.Collect$$libinit$$00000012)
    .ARM.Collect$$libinit$$00000013          0x00000236   Section        0  libinit2.o(.ARM.Collect$$libinit$$00000013)
    .ARM.Collect$$libinit$$00000015          0x00000236   Section        0  libinit2.o(.ARM.Collect$$libinit$$00000015)
    .ARM.Collect$$libinit$$00000017          0x00000236   Section        0  libinit2.o(.ARM.Collect$$libinit$$00000017)
    .ARM.Collect$$libinit$$00000019          0x00000236   Section        0  libinit2.o(.ARM.Collect$$libinit$$00000019)
    .ARM.Collect$$libinit$$0000001B          0x00000236   Section        0  libinit2.o(.ARM.Collect$$libinit$$0000001B)
    .ARM.Collect$$libinit$$0000001D          0x00000236   Section        0  libinit2.o(.ARM.Collect$$libinit$$0000001D)
    .ARM.Collect$$libinit$$0000001F          0x00000236   Section        0  libinit2.o(.ARM.Collect$$libinit$$0000001F)
    .ARM.Collect$$libinit$$00000021          0x00000236   Section        0  libinit2.o(.ARM.Collect$$libinit$$00000021)
    .ARM.Collect$$libinit$$00000028          0x00000236   Section        0  libinit2.o(.ARM.Collect$$libinit$$00000028)
    .ARM.Collect$$libinit$$0000002A          0x00000236   Section        0  libinit2.o(.ARM.Collect$$libinit$$0000002A)
    .ARM.Collect$$libinit$$0000002C          0x00000236   Section        0  libinit2.o(.ARM.Collect$$libinit$$0000002C)
    .ARM.Collect$$libinit$$0000002E          0x00000236   Section        0  libinit2.o(.ARM.Collect$$libinit$$0000002E)
    .ARM.Collect$$libinit$$0000002F          0x00000236   Section       12  libinit2.o(.ARM.Collect$$libinit$$0000002F)
    .ARM.Collect$$libshutdown$$00000000      0x0000024c   Section        4  libshutdown.o(.ARM.Collect$$libshutdown$$00000000)
    .ARM.Collect$$libshutdown$$00000003      0x00000250   Section        0  libshutdown2.o(.ARM.Collect$$libshutdown$$00000003)
    .ARM.Collect$$libshutdown$$00000006      0x00000250   Section        0  libshutdown2.o(.ARM.Collect$$libshutdown$$00000006)
    .ARM.Collect$$libshutdown$$00000009      0x00000250   Section        0  libshutdown2.o(.ARM.Collect$$libshutdown$$00000009)
    .ARM.Collect$$libshutdown$$0000000B      0x00000250   Section        0  libshutdown2.o(.ARM.Collect$$libshutdown$$0000000B)
    .ARM.Collect$$libshutdown$$0000000E      0x00000250   Section        0  libshutdown2.o(.ARM.Collect$$libshutdown$$0000000E)
    .ARM.Collect$$libshutdown$$0000000F      0x00000250   Section        6  libshutdown2.o(.ARM.Collect$$libshutdown$$0000000F)
    .ARM.Collect$$rtentry$$00000000          0x00000258   Section        0  rtentry.o(.ARM.Collect$$rtentry$$00000000)
    .ARM.Collect$$rtentry$$00000002          0x00000258   Section        0  rtentry2.o(.ARM.Collect$$rtentry$$00000002)
    .ARM.Collect$$rtentry$$00000004          0x00000258   Section        8  rtentry4.o(.ARM.Collect$$rtentry$$00000004)
    .ARM.Collect$$rtentry$$00000009          0x00000260   Section        0  rtentry2.o(.ARM.Collect$$rtentry$$00000009)
    .ARM.Collect$$rtentry$$0000000A          0x00000260   Section        4  rtentry2.o(.ARM.Collect$$rtentry$$0000000A)
    .ARM.Collect$$rtentry$$0000000C          0x00000264   Section        0  rtentry2.o(.ARM.Collect$$rtentry$$0000000C)
    .ARM.Collect$$rtentry$$0000000D          0x00000264   Section       40  rtentry2.o(.ARM.Collect$$rtentry$$0000000D)
    .ARM.Collect$$rtexit$$00000000           0x00000290   Section        0  rtexit.o(.ARM.Collect$$rtexit$$00000000)
    .ARM.Collect$$rtexit$$00000002           0x00000290   Section        0  rtexit2.o(.ARM.Collect$$rtexit$$00000002)
    .ARM.Collect$$rtexit$$00000003           0x00000290   Section        4  rtexit2.o(.ARM.Collect$$rtexit$$00000003)
    .ARM.Collect$$rtexit$$00000004           0x00000294   Section        4  rtexit2.o(.ARM.Collect$$rtexit$$00000004)
    .text                                    0x00000298   Section       32  lpc2400.o(.text)
    .text                                    0x000002b8   Section      376  main.o(.text)
    .text                                    0x00000430   Section      280  init.o(.text)
    .text                                    0x00000548   Section       72  retarget.o(.text)
    .text                                    0x00000590   Section      108  serial.o(.text)
    .text                                    0x000005fc   Section        4  use_no_semi.o(.text)
    .text                                    0x00000608   Section       36  noretval__2printf.o(.text)
    .text                                    0x0000062c   Section      120  __printf.o(.text)
    .text                                    0x000006a4   Section        6  heapauxi.o(.text)
    .text                                    0x000006ac   Section     1112  _printf_fp_dec.o(.text)
    _fp_digits                               0x000006af   Thumb Code   482  _printf_fp_dec.o(.text)
    .text                                    0x00000b04   Section       52  _printf_char_common.o(.text)
    _printf_input_char                       0x00000b05   Thumb Code    10  _printf_char_common.o(.text)
    .text                                    0x00000b3c   Section       16  rt_locale_intlibspace.o(.text)
    .text                                    0x00000b50   Section      160  lludiv10.o(.text)
    .text                                    0x00000bf0   Section      140  _printf_fp_infnan.o(.text)
    .text                                    0x00000c7c   Section      200  bigflt0.o(.text)
    .text                                    0x00000d48   Section       44  rtudiv10.o(.text)
    .text                                    0x00000d74   Section       12  libspace.o(.text)
    .text                                    0x00000d80   Section       96  sys_stackheap_outer.o(.text)
    .text                                    0x00000de0   Section       12  exit.o(.text)
    .text                                    0x00000dec   Section      160  strcmp.o(.text)
    .text                                    0x00000e90   Section      384  aeabi_sdiv.o(.text)
    __arm_div8                               0x00000ebc   ARM Code       0  aeabi_sdiv.o(.text)
    __arm_div4                               0x00000eec   ARM Code       0  aeabi_sdiv.o(.text)
    __arm_div_large                          0x00000f40   ARM Code       0  aeabi_sdiv.o(.text)
    CL$$btod_d2e                             0x00001014   Section       56  btod.o(CL$$btod_d2e)
    CL$$btod_d2e_denorm_low                  0x0000104c   Section       84  btod.o(CL$$btod_d2e_denorm_low)
    CL$$btod_d2e_norm_op1                    0x000010a0   Section      104  btod.o(CL$$btod_d2e_norm_op1)
    CL$$btod_div_common                      0x00001108   Section      844  btod.o(CL$$btod_div_common)
    CL$$btod_e2e                             0x00001454   Section      220  btod.o(CL$$btod_e2e)
    CL$$btod_ediv                            0x00001534   Section       52  btod.o(CL$$btod_ediv)
    CL$$btod_emul                            0x0000156c   Section       52  btod.o(CL$$btod_emul)
    CL$$btod_mult_common                     0x000015a0   Section      616  btod.o(CL$$btod_mult_common)
    i.__ARM_common_call_via_r1               0x00001814   Section        2  __printf.o(i.__ARM_common_call_via_r1)
    i.__ARM_common_call_via_r2               0x00001816   Section        2  __printf.o(i.__ARM_common_call_via_r2)
    i.__ARM_fpclassify                       0x0000181c   Section       48  fpclassify.o(i.__ARM_fpclassify)
    locale$$code                             0x00001850   Section       80  lc_numeric_c.o(locale$$code)
    x$fpl$dcheck                             0x000018a0   Section       16  dcheck.o(x$fpl$dcheck)
    x$fpl$dflt                               0x000018b0   Section       88  dflt_noclz.o(x$fpl$dflt)
    x$fpl$dfltu                              0x00001908   Section       12  dflt_noclz.o(x$fpl$dfltu)
    x$fpl$dmul                               0x00001914   Section      476  dmul.o(x$fpl$dmul)
    x$fpl$dunder                             0x00001af0   Section      280  dunder.o(x$fpl$dunder)
    x$fpl$fpinit                             0x00001c0c   Section        4  fpinit.o(x$fpl$fpinit)
    x$fpl$ieeestatus                         0x00001c14   Section        8  istatus.o(x$fpl$ieeestatus)
    x$fpl$printf1                            0x00001c1c   Section        4  printf1.o(x$fpl$printf1)
    x$fpl$retnan                             0x00001c20   Section      116  retnan.o(x$fpl$retnan)
    x$fpl$trapveneer                         0x00001c94   Section       60  trapv.o(x$fpl$trapveneer)
    .constdata                               0x00001cd0   Section      148  bigflt0.o(.constdata)
    x$fpl$usenofp                            0x00001cd0   Section        0  usenofp.o(x$fpl$usenofp)
    tenpwrs_x                                0x00001cd0   Data          60  bigflt0.o(.constdata)
    tenpwrs_i                                0x00001d0c   Data          64  bigflt0.o(.constdata)
    locale$$data                             0x00001d84   Section       28  lc_numeric_c.o(locale$$data)
    __lcnum_c_name                           0x00001d88   Data           2  lc_numeric_c.o(locale$$data)
    __lcnum_c_start                          0x00001d90   Data           0  lc_numeric_c.o(locale$$data)
    __lcnum_c_point                          0x00001d9c   Data           0  lc_numeric_c.o(locale$$data)
    __lcnum_c_thousands                      0x00001d9e   Data           0  lc_numeric_c.o(locale$$data)
    __lcnum_c_grouping                       0x00001d9f   Data           0  lc_numeric_c.o(locale$$data)
    __lcnum_c_end                            0x00001da0   Data           0  lc_numeric_c.o(locale$$data)
    .data                                    0x40000000   Section       24  main.o(.data)
    .data                                    0x40000018   Section        4  retarget.o(.data)
    .bss                                     0x4000001c   Section     1024  main.o(.bss)
    .bss                                     0x4000041c   Section       96  libspace.o(.bss)
    HEAP                                     0x40000480   Section        0  lpc2400.o(HEAP)
    STACK                                    0x40000480   Section     1288  lpc2400.o(STACK)
    Heap_Mem                                 0x40000480   Data           0  lpc2400.o(HEAP)
    Stack_Mem                                0x40000480   Data        1024  lpc2400.o(STACK)
    Stack_Top                                0x40000988   Data           0  lpc2400.o(STACK)

    Global Symbols

    Symbol Name                              Value     Ov Type        Size  Object(Section)

    BuildAttributes$$THM_ISAv1$ARM_ISAv4$S$PE$A:L22$X:L11$S22$IEEE1$IW$USESV6$~STKCKD$USESV7$~SHL$OSPACE$ROPI$IEEEJ$EBA8$UX$STANDARDLIB$REQ8$PRES8$EABIv2 0x00000000   Number         0  anon$$obj.o ABSOLUTE
    __ARM_use_no_argv                        0x00000000   Number         0  main.o ABSOLUTE
    __ARM_exceptions_init                     - Undefined Weak Reference
    __alloca_initialize                       - Undefined Weak Reference
    __cpp_initialize__aeabi_                  - Undefined Weak Reference
    __cxa_finalize                            - Undefined Weak Reference
    __fpl_infinity                            - Undefined Weak Reference
    __sigvec_lookup                           - Undefined Weak Reference
    _atexit_init                              - Undefined Weak Reference
    _call_atexit_fns                          - Undefined Weak Reference
    _clock_init                               - Undefined Weak Reference
    _fp_trap_init                             - Undefined Weak Reference
    _fp_trap_shutdown                         - Undefined Weak Reference
    _get_lc_collate                           - Undefined Weak Reference
    _get_lc_ctype                             - Undefined Weak Reference
    _get_lc_monetary                          - Undefined Weak Reference
    _get_lc_time                              - Undefined Weak Reference
    _getenv_init                              - Undefined Weak Reference
    _handle_redirection                       - Undefined Weak Reference
    _init_alloc                               - Undefined Weak Reference
    _init_user_alloc                          - Undefined Weak Reference
    _initio                                   - Undefined Weak Reference
    _printf_post_padding                      - Undefined Weak Reference
    _printf_pre_padding                       - Undefined Weak Reference
    _rand_init                                - Undefined Weak Reference
    _signal_finish                            - Undefined Weak Reference
    _signal_init                              - Undefined Weak Reference
    _terminate_alloc                          - Undefined Weak Reference
    _terminate_user_alloc                     - Undefined Weak Reference
    _terminateio                              - Undefined Weak Reference
    Reset_Handler                            0x00000058   ARM Code       0  lpc2400.o(RESET)
    __main                                   0x0000016c   ARM Code       8  __main.o(!!!main)
    __scatterload                            0x00000174   ARM Code       0  __scatter.o(!!!scatter)
    __scatterload_rt2                        0x00000174   ARM Code      52  __scatter.o(!!!scatter)
    __scatterload_null                       0x00000188   ARM Code       0  __scatter.o(!!!scatter)
    __scatterload_copy                       0x000001b0   ARM Code      40  __scatter_copy.o(!!handler_copy)
    __scatterload_zeroinit                   0x000001d8   ARM Code      44  __scatter_zi.o(!!handler_zi)
    Inline Thumb to ARM Veneer to _printf_percent 0x00000205   Thumb Code     4  _printf_percent.o(.ARM.Collect$$_printf_percent$$00000000)
    _printf_f                                0x00000208   ARM Code       0  _printf_f.o(.ARM.Collect$$_printf_percent$$00000003)
    _printf_percent                          0x00000208   ARM Code       0  _printf_percent.o(.ARM.Collect$$_printf_percent$$00000000)
    _printf_percent_end                      0x00000210   ARM Code       0  _printf_percent_end.o(.ARM.Collect$$_printf_percent$$00000017)
    Inline ARM to Thumb Veneer to __rt_lib_init 0x00000218   ARM Code       8  libinit.o(.ARM.Collect$$libinit$$00000000)
    __rt_lib_init                            0x00000221   Thumb Code     0  libinit.o(.ARM.Collect$$libinit$$00000000)
    __rt_lib_init_heap_1                     0x00000227   Thumb Code     0  libinit2.o(.ARM.Collect$$libinit$$00000006)
    __rt_lib_init_lc_common                  0x00000227   Thumb Code     0  libinit2.o(.ARM.Collect$$libinit$$0000000B)
    __rt_lib_init_rand_1                     0x00000227   Thumb Code     0  libinit2.o(.ARM.Collect$$libinit$$0000000A)
    __rt_lib_init_user_alloc_1               0x00000227   Thumb Code     0  libinit2.o(.ARM.Collect$$libinit$$00000008)
    __rt_lib_init_lc_collate_1               0x0000022d   Thumb Code     0  libinit2.o(.ARM.Collect$$libinit$$0000000D)
    __rt_lib_init_lc_ctype_1                 0x0000022d   Thumb Code     0  libinit2.o(.ARM.Collect$$libinit$$0000000F)
    __rt_lib_init_lc_monetary_1              0x0000022d   Thumb Code     0  libinit2.o(.ARM.Collect$$libinit$$00000011)
    __rt_lib_init_lc_numeric_2               0x0000022d   Thumb Code     0  libinit2.o(.ARM.Collect$$libinit$$00000012)
    __rt_lib_init_alloca_1                   0x00000237   Thumb Code     0  libinit2.o(.ARM.Collect$$libinit$$0000002A)
    __rt_lib_init_argv_1                     0x00000237   Thumb Code     0  libinit2.o(.ARM.Collect$$libinit$$00000028)
    __rt_lib_init_atexit_1                   0x00000237   Thumb Code     0  libinit2.o(.ARM.Collect$$libinit$$00000017)
    __rt_lib_init_clock_1                    0x00000237   Thumb Code     0  libinit2.o(.ARM.Collect$$libinit$$0000001D)
    __rt_lib_init_cpp_1                      0x00000237   Thumb Code     0  libinit2.o(.ARM.Collect$$libinit$$0000002E)
    __rt_lib_init_exceptions_1               0x00000237   Thumb Code     0  libinit2.o(.ARM.Collect$$libinit$$0000002C)
    __rt_lib_init_fp_trap_1                  0x00000237   Thumb Code     0  libinit2.o(.ARM.Collect$$libinit$$0000001B)
    __rt_lib_init_getenv_1                   0x00000237   Thumb Code     0  libinit2.o(.ARM.Collect$$libinit$$0000001F)
    __rt_lib_init_lc_numeric_1               0x00000237   Thumb Code     0  libinit2.o(.ARM.Collect$$libinit$$00000013)
    __rt_lib_init_lc_time_1                  0x00000237   Thumb Code     0  libinit2.o(.ARM.Collect$$libinit$$00000015)
    __rt_lib_init_return                     0x00000237   Thumb Code     0  libinit2.o(.ARM.Collect$$libinit$$0000002F)
    __rt_lib_init_signal_1                   0x00000237   Thumb Code     0  libinit2.o(.ARM.Collect$$libinit$$00000019)
    __rt_lib_init_stdio_1                    0x00000237   Thumb Code     0  libinit2.o(.ARM.Collect$$libinit$$00000021)
    Inline ARM to Thumb Veneer to __rt_lib_shutdown 0x00000244   ARM Code       8  libshutdown.o(.ARM.Collect$$libshutdown$$00000000)
    __rt_lib_shutdown                        0x0000024d   Thumb Code     0  libshutdown.o(.ARM.Collect$$libshutdown$$00000000)
    __rt_lib_shutdown_fp_trap_1              0x00000251   Thumb Code     0  libshutdown2.o(.ARM.Collect$$libshutdown$$00000006)
    __rt_lib_shutdown_heap_1                 0x00000251   Thumb Code     0  libshutdown2.o(.ARM.Collect$$libshutdown$$0000000E)
    __rt_lib_shutdown_return                 0x00000251   Thumb Code     0  libshutdown2.o(.ARM.Collect$$libshutdown$$0000000F)
    __rt_lib_shutdown_signal_1               0x00000251   Thumb Code     0  libshutdown2.o(.ARM.Collect$$libshutdown$$00000009)
    __rt_lib_shutdown_stdio_1                0x00000251   Thumb Code     0  libshutdown2.o(.ARM.Collect$$libshutdown$$00000003)
    __rt_lib_shutdown_user_alloc_1           0x00000251   Thumb Code     0  libshutdown2.o(.ARM.Collect$$libshutdown$$0000000B)
    __rt_entry                               0x00000258   ARM Code       0  rtentry.o(.ARM.Collect$$rtentry$$00000000)
    __rt_entry_presh_1                       0x00000258   ARM Code       0  rtentry2.o(.ARM.Collect$$rtentry$$00000002)
    __rt_entry_sh                            0x00000258   ARM Code       0  rtentry4.o(.ARM.Collect$$rtentry$$00000004)
    __rt_entry_li                            0x00000260   ARM Code       0  rtentry2.o(.ARM.Collect$$rtentry$$0000000A)
    __rt_entry_postsh_1                      0x00000260   ARM Code       0  rtentry2.o(.ARM.Collect$$rtentry$$00000009)
    __rt_entry_main                          0x00000264   ARM Code       0  rtentry2.o(.ARM.Collect$$rtentry$$0000000D)
    __rt_entry_postli_1                      0x00000264   ARM Code       0  rtentry2.o(.ARM.Collect$$rtentry$$0000000C)
    Inline Thumb to ARM Veneer to __rt_exit  0x0000028d   Thumb Code     4  rtexit.o(.ARM.Collect$$rtexit$$00000000)
    __rt_exit                                0x00000290   ARM Code       0  rtexit.o(.ARM.Collect$$rtexit$$00000000)
    __rt_exit_ls                             0x00000290   ARM Code       0  rtexit2.o(.ARM.Collect$$rtexit$$00000003)
    __rt_exit_prels_1                        0x00000290   ARM Code       0  rtexit2.o(.ARM.Collect$$rtexit$$00000002)
    __rt_exit_exit                           0x00000294   ARM Code       0  rtexit2.o(.ARM.Collect$$rtexit$$00000004)
    __user_initial_stackheap                 0x00000298   ARM Code       0  lpc2400.o(.text)
    ADC_Int                                  0x000002b8   ARM Code     188  main.o(.text)
    Timer0_Int                               0x00000374   ARM Code      92  main.o(.text)
    main                                     0x000003d0   ARM Code      40  main.o(.text)
    DAC_Init                                 0x00000430   ARM Code      24  init.o(.text)
    UART0_Init                               0x00000448   ARM Code      68  init.o(.text)
    ADC_Init                                 0x0000048c   ARM Code      72  init.o(.text)
    Timer0_Init                              0x000004d4   ARM Code      88  init.o(.text)
    fputc                                    0x00000548   ARM Code      28  retarget.o(.text)
    ferror                                   0x00000564   ARM Code      12  retarget.o(.text)
    _ttywrch                                 0x00000570   ARM Code      24  retarget.o(.text)
    _sys_exit                                0x00000588   ARM Code       8  retarget.o(.text)
    sendchar                                 0x00000590   ARM Code      72  serial.o(.text)
    getkey                                   0x000005d8   ARM Code      32  serial.o(.text)
    __I$use$semihosting                      0x000005fc   ARM Code       0  use_no_semi.o(.text)
    __use_no_semihosting_swi                 0x000005fc   ARM Code       4  use_no_semi.o(.text)
    Inline ARM to Thumb Veneer to __2printf  0x00000600   ARM Code       8  noretval__2printf.o(.text)
    __2printf                                0x00000609   Thumb Code    26  noretval__2printf.o(.text)
    __printf                                 0x0000062d   Thumb Code   120  __printf.o(.text)
    __use_two_region_memory                  0x000006a5   Thumb Code     2  heapauxi.o(.text)
    __rt_heap_escrow$2region                 0x000006a7   Thumb Code     2  heapauxi.o(.text)
    __rt_heap_expand$2region                 0x000006a9   Thumb Code     2  heapauxi.o(.text)
    __lib_sel_fp_printf                      0x000006ad   Thumb Code     2  _printf_fp_dec.o(.text)
    _printf_fp_dec_real                      0x00000891   Thumb Code   616  _printf_fp_dec.o(.text)
    _printf_char_common                      0x00000b0f   Thumb Code    38  _printf_char_common.o(.text)
    Inline Thumb to ARM Veneer to __rt_locale 0x00000b39   Thumb Code     4  rt_locale_intlibspace.o(.text)
    __rt_locale                              0x00000b3c   ARM Code      16  rt_locale_intlibspace.o(.text)
    Inline Thumb to ARM Veneer to _ll_udiv10 0x00000b4d   Thumb Code     4  lludiv10.o(.text)
    _ll_udiv10                               0x00000b50   ARM Code     160  lludiv10.o(.text)
    _printf_fp_infnan                        0x00000bf1   Thumb Code   122  _printf_fp_infnan.o(.text)
    _btod_etento                             0x00000c7d   Thumb Code   196  bigflt0.o(.text)
    Inline Thumb to ARM Veneer to __rt_udiv10 0x00000d45   Thumb Code     4  rtudiv10.o(.text)
    __rt_udiv10                              0x00000d48   ARM Code      44  rtudiv10.o(.text)
    __user_libspace                          0x00000d74   ARM Code      12  libspace.o(.text)
    __user_perproc_libspace                  0x00000d74   ARM Code       0  libspace.o(.text)
    __user_perthread_libspace                0x00000d74   ARM Code       0  libspace.o(.text)
    __user_setup_stackheap                   0x00000d80   ARM Code      96  sys_stackheap_outer.o(.text)
    exit                                     0x00000de1   Thumb Code    12  exit.o(.text)
    strcmp                                   0x00000dec   ARM Code     156  strcmp.o(.text)
    Inline Thumb to ARM Veneer to __aeabi_idivmod 0x00000e8d   Thumb Code     4  aeabi_sdiv.o(.text)
    __aeabi_idiv                             0x00000e90   ARM Code       0  aeabi_sdiv.o(.text)
    __aeabi_idivmod                          0x00000e90   ARM Code     384  aeabi_sdiv.o(.text)
    Inline Thumb to ARM Veneer to _btod_d2e  0x00001011   Thumb Code     4  btod.o(CL$$btod_d2e)
    _btod_d2e                                0x00001014   ARM Code      56  btod.o(CL$$btod_d2e)
    _d2e_denorm_low                          0x0000104c   ARM Code      84  btod.o(CL$$btod_d2e_denorm_low)
    _d2e_norm_op1                            0x000010a0   ARM Code     104  btod.o(CL$$btod_d2e_norm_op1)
    __btod_div_common                        0x00001108   ARM Code     716  btod.o(CL$$btod_div_common)
    _e2e                                     0x00001454   ARM Code     220  btod.o(CL$$btod_e2e)
    Inline Thumb to ARM Veneer to _btod_ediv 0x00001531   Thumb Code     4  btod.o(CL$$btod_ediv)
    _btod_ediv                               0x00001534   ARM Code      52  btod.o(CL$$btod_ediv)
    Inline Thumb to ARM Veneer to _btod_emul 0x00001569   Thumb Code     4  btod.o(CL$$btod_emul)
    _btod_emul                               0x0000156c   ARM Code      52  btod.o(CL$$btod_emul)
    __btod_mult_common                       0x000015a0   ARM Code     616  btod.o(CL$$btod_mult_common)
    Long ARM to Thumb Veneer to _printf_fp_dec_real 0x00001808   ARM Code      12  anon$$obj.o(Veneer$$Code)
    __ARM_common_call_via_r1                 0x00001815   Thumb Code     2  __printf.o(i.__ARM_common_call_via_r1)
    __ARM_common_call_via_r2                 0x00001817   Thumb Code     2  __printf.o(i.__ARM_common_call_via_r2)
    Inline Thumb to ARM Veneer to __ARM_fpclassify 0x00001819   Thumb Code     4  fpclassify.o(i.__ARM_fpclassify)
    __ARM_fpclassify                         0x0000181c   ARM Code      44  fpclassify.o(i.__ARM_fpclassify)
    Inline Thumb to ARM Veneer to _get_lc_numeric 0x0000184d   Thumb Code     4  lc_numeric_c.o(locale$$code)
    _get_lc_numeric                          0x00001850   ARM Code      80  lc_numeric_c.o(locale$$code)
    __fpl_dcheck_NaN2                        0x000018a0   ARM Code      12  dcheck.o(x$fpl$dcheck)
    __aeabi_i2d                              0x000018b0   ARM Code       0  dflt_noclz.o(x$fpl$dflt)
    _dflt                                    0x000018b0   ARM Code      88  dflt_noclz.o(x$fpl$dflt)
    __dflt_normalise                         0x000018c0   ARM Code       0  dflt_noclz.o(x$fpl$dflt)
    __aeabi_ui2d                             0x00001908   ARM Code       0  dflt_noclz.o(x$fpl$dfltu)
    _dfltu                                   0x00001908   ARM Code      12  dflt_noclz.o(x$fpl$dfltu)
    __aeabi_dmul                             0x00001914   ARM Code       0  dmul.o(x$fpl$dmul)
    _dmul                                    0x00001914   ARM Code     460  dmul.o(x$fpl$dmul)
    __fpl_inf_dmul                           0x00001aac   ARM Code       0  dmul.o(x$fpl$dmul)
    __dunder                                 0x00001af0   ARM Code     276  dunder.o(x$fpl$dunder)
    __dunder_d                               0x00001c04   ARM Code       4  dunder.o(x$fpl$dunder)
    Inline Thumb to ARM Veneer to _fp_init   0x00001c09   Thumb Code     4  fpinit.o(x$fpl$fpinit)
    __fplib_config_pureend_doubles           0x00001c0c   ARM Code       0  fpinit.o(x$fpl$fpinit)
    _fp_init                                 0x00001c0c   ARM Code       4  fpinit.o(x$fpl$fpinit)
    Inline Thumb to ARM Veneer to __ieee_status 0x00001c11   Thumb Code     4  istatus.o(x$fpl$ieeestatus)
    __ieee_status                            0x00001c14   ARM Code       8  istatus.o(x$fpl$ieeestatus)
    _printf_fp_dec                           0x00001c1c   ARM Code       4  printf1.o(x$fpl$printf1)
    __fpl_return_NaN                         0x00001c20   ARM Code     116  retnan.o(x$fpl$retnan)
    __fpl_cmpreturn                          0x00001c94   ARM Code      60  trapv.o(x$fpl$trapveneer)
    __I$use$fp                               0x00001cd0   ARM Code       0  usenofp.o(x$fpl$usenofp)
    Region$$Table$$Base                      0x00001d64   Number         0  anon$$obj.o(Region$$Table)
    Region$$Table$$Limit                     0x00001d84   Number         0  anon$$obj.o(Region$$Table)
    vol                                      0x40000000   Data           4  main.o(.data)
    average                                  0x40000004   Data           4  main.o(.data)
    last                                     0x40000008   Data           4  main.o(.data)
    f                                        0x40000010   Data           8  main.o(.data)
    __stdout                                 0x40000018   Data           4  retarget.o(.data)
    mas                                      0x4000001c   Data        1024  main.o(.bss)
    __libspace_start                         0x4000041c   Data          96  libspace.o(.bss)
    __temporary_stack_top$libspace           0x4000047c   Data           0  libspace.o(.bss)



==============================================================================

Memory Map of the image

  Image Entry point : 0x0000016c

  Load Region LR_IROM1 (Base: 0x00000000, Size: 0x00001dbc, Max: 0x00080000, ABSOLUTE)

    Execution Region ER_IROM1 (Base: 0x00000000, Size: 0x00001da0, Max: 0x00080000, ABSOLUTE)

    Base Addr    Size         Type   Attr      Idx    E Section Name        Object

    0x00000000   0x0000016c   Code   RO            3    RESET               lpc2400.o
    0x0000016c   0x00000008   Code   RO          117  * !!!main             __main.o(c_t.l)
    0x00000174   0x0000003c   Code   RO          367    !!!scatter          __scatter.o(c_t.l)
    0x000001b0   0x00000028   Code   RO          369    !!handler_copy      __scatter_copy.o(c_t.l)
    0x000001d8   0x0000002c   Code   RO          371    !!handler_zi        __scatter_zi.o(c_t.l)
    0x00000204   0x00000004   Ven    RO          114    .ARM.Collect$$_printf_percent$$00000000  _printf_percent.o(c_t.l)
    0x00000208   0x00000000   Code   RO          114    .ARM.Collect$$_printf_percent$$00000000  _printf_percent.o(c_t.l)
    0x00000208   0x00000008   Code   RO          113    .ARM.Collect$$_printf_percent$$00000003  _printf_f.o(c_t.l)
    0x00000210   0x00000008   Code   RO          133    .ARM.Collect$$_printf_percent$$00000017  _printf_percent_end.o(c_t.l)
    0x00000218   0x00000008   Ven    RO          239    .ARM.Collect$$libinit$$00000000  libinit.o(c_t.l)
    0x00000220   0x00000006   Code   RO          239    .ARM.Collect$$libinit$$00000000  libinit.o(c_t.l)
    0x00000226   0x00000000   Code   RO          242    .ARM.Collect$$libinit$$00000006  libinit2.o(c_t.l)
    0x00000226   0x00000000   Code   RO          244    .ARM.Collect$$libinit$$00000008  libinit2.o(c_t.l)
    0x00000226   0x00000000   Code   RO          246    .ARM.Collect$$libinit$$0000000A  libinit2.o(c_t.l)
    0x00000226   0x00000006   Code   RO          247    .ARM.Collect$$libinit$$0000000B  libinit2.o(c_t.l)
    0x0000022c   0x00000000   Code   RO          249    .ARM.Collect$$libinit$$0000000D  libinit2.o(c_t.l)
    0x0000022c   0x00000000   Code   RO          251    .ARM.Collect$$libinit$$0000000F  libinit2.o(c_t.l)
    0x0000022c   0x00000000   Code   RO          253    .ARM.Collect$$libinit$$00000011  libinit2.o(c_t.l)
    0x0000022c   0x0000000a   Code   RO          254    .ARM.Collect$$libinit$$00000012  libinit2.o(c_t.l)
    0x00000236   0x00000000   Code   RO          255    .ARM.Collect$$libinit$$00000013  libinit2.o(c_t.l)
    0x00000236   0x00000000   Code   RO          257    .ARM.Collect$$libinit$$00000015  libinit2.o(c_t.l)
    0x00000236   0x00000000   Code   RO          259    .ARM.Collect$$libinit$$00000017  libinit2.o(c_t.l)
    0x00000236   0x00000000   Code   RO          261    .ARM.Collect$$libinit$$00000019  libinit2.o(c_t.l)
    0x00000236   0x00000000   Code   RO          263    .ARM.Collect$$libinit$$0000001B  libinit2.o(c_t.l)
    0x00000236   0x00000000   Code   RO          265    .ARM.Collect$$libinit$$0000001D  libinit2.o(c_t.l)
    0x00000236   0x00000000   Code   RO          267    .ARM.Collect$$libinit$$0000001F  libinit2.o(c_t.l)
    0x00000236   0x00000000   Code   RO          269    .ARM.Collect$$libinit$$00000021  libinit2.o(c_t.l)
    0x00000236   0x00000000   Code   RO          273    .ARM.Collect$$libinit$$00000028  libinit2.o(c_t.l)
    0x00000236   0x00000000   Code   RO          275    .ARM.Collect$$libinit$$0000002A  libinit2.o(c_t.l)
    0x00000236   0x00000000   Code   RO          277    .ARM.Collect$$libinit$$0000002C  libinit2.o(c_t.l)
    0x00000236   0x00000000   Code   RO          279    .ARM.Collect$$libinit$$0000002E  libinit2.o(c_t.l)
    0x00000236   0x0000000c   Code   RO          280    .ARM.Collect$$libinit$$0000002F  libinit2.o(c_t.l)
    0x00000242   0x00000002   PAD
    0x00000244   0x00000008   Ven    RO          321    .ARM.Collect$$libshutdown$$00000000  libshutdown.o(c_t.l)
    0x0000024c   0x00000004   Code   RO          321    .ARM.Collect$$libshutdown$$00000000  libshutdown.o(c_t.l)
    0x00000250   0x00000000   Code   RO          332    .ARM.Collect$$libshutdown$$00000003  libshutdown2.o(c_t.l)
    0x00000250   0x00000000   Code   RO          335    .ARM.Collect$$libshutdown$$00000006  libshutdown2.o(c_t.l)
    0x00000250   0x00000000   Code   RO          338    .ARM.Collect$$libshutdown$$00000009  libshutdown2.o(c_t.l)
    0x00000250   0x00000000   Code   RO          340    .ARM.Collect$$libshutdown$$0000000B  libshutdown2.o(c_t.l)
    0x00000250   0x00000000   Code   RO          343    .ARM.Collect$$libshutdown$$0000000E  libshutdown2.o(c_t.l)
    0x00000250   0x00000006   Code   RO          344    .ARM.Collect$$libshutdown$$0000000F  libshutdown2.o(c_t.l)
    0x00000256   0x00000002   PAD
    0x00000258   0x00000000   Code   RO          127    .ARM.Collect$$rtentry$$00000000  rtentry.o(c_t.l)
    0x00000258   0x00000000   Code   RO          140    .ARM.Collect$$rtentry$$00000002  rtentry2.o(c_t.l)
    0x00000258   0x00000008   Code   RO          155    .ARM.Collect$$rtentry$$00000004  rtentry4.o(c_t.l)
    0x00000260   0x00000000   Code   RO          142    .ARM.Collect$$rtentry$$00000009  rtentry2.o(c_t.l)
    0x00000260   0x00000004   Code   RO          143    .ARM.Collect$$rtentry$$0000000A  rtentry2.o(c_t.l)
    0x00000264   0x00000000   Code   RO          145    .ARM.Collect$$rtentry$$0000000C  rtentry2.o(c_t.l)
    0x00000264   0x00000028   Code   RO          146    .ARM.Collect$$rtentry$$0000000D  rtentry2.o(c_t.l)
    0x0000028c   0x00000004   Ven    RO          283    .ARM.Collect$$rtexit$$00000000  rtexit.o(c_t.l)
    0x00000290   0x00000000   Code   RO          283    .ARM.Collect$$rtexit$$00000000  rtexit.o(c_t.l)
    0x00000290   0x00000000   Code   RO          294    .ARM.Collect$$rtexit$$00000002  rtexit2.o(c_t.l)
    0x00000290   0x00000004   Code   RO          295    .ARM.Collect$$rtexit$$00000003  rtexit2.o(c_t.l)
    0x00000294   0x00000004   Code   RO          296    .ARM.Collect$$rtexit$$00000004  rtexit2.o(c_t.l)
    0x00000298   0x00000020   Code   RO            4    .text               lpc2400.o
    0x000002b8   0x00000178   Code   RO           11    .text               main.o
    0x00000430   0x00000118   Code   RO           35    .text               init.o
    0x00000548   0x00000048   Code   RO           47    .text               retarget.o
    0x00000590   0x0000006c   Code   RO           69    .text               serial.o
    0x000005fc   0x00000004   Code   RO           83    .text               use_no_semi.o(c_t.l)
    0x00000600   0x00000008   Ven    RO           87    .text               noretval__2printf.o(c_t.l)
    0x00000608   0x00000024   Code   RO           87    .text               noretval__2printf.o(c_t.l)
    0x0000062c   0x00000078   Code   RO           89    .text               __printf.o(c_t.l)
    0x000006a4   0x00000006   Code   RO          115    .text               heapauxi.o(c_t.l)
    0x000006aa   0x00000002   PAD
    0x000006ac   0x00000458   Code   RO          129    .text               _printf_fp_dec.o(c_t.l)
    0x00000b04   0x00000034   Code   RO          131    .text               _printf_char_common.o(c_t.l)
    0x00000b38   0x00000004   Ven    RO          160    .text               rt_locale_intlibspace.o(c_t.l)
    0x00000b3c   0x00000010   Code   RO          160    .text               rt_locale_intlibspace.o(c_t.l)
    0x00000b4c   0x00000004   Ven    RO          162    .text               lludiv10.o(c_t.l)
    0x00000b50   0x000000a0   Code   RO          162    .text               lludiv10.o(c_t.l)
    0x00000bf0   0x0000008c   Code   RO          164    .text               _printf_fp_infnan.o(c_t.l)
    0x00000c7c   0x000000c8   Code   RO          172    .text               bigflt0.o(c_t.l)
    0x00000d44   0x00000004   Ven    RO          200    .text               rtudiv10.o(c_t.l)
    0x00000d48   0x0000002c   Code   RO          200    .text               rtudiv10.o(c_t.l)
    0x00000d74   0x0000000c   Code   RO          208    .text               libspace.o(c_t.l)
    0x00000d80   0x00000060   Code   RO          211    .text               sys_stackheap_outer.o(c_t.l)
    0x00000de0   0x0000000c   Code   RO          213    .text               exit.o(c_t.l)
    0x00000dec   0x000000a0   Code   RO          215    .text               strcmp.o(c_t.l)
    0x00000e8c   0x00000004   Ven    RO          217    .text               aeabi_sdiv.o(c_t.l)
    0x00000e90   0x00000180   Code   RO          217    .text               aeabi_sdiv.o(c_t.l)
    0x00001010   0x00000004   Ven    RO          175    CL$$btod_d2e        btod.o(c_t.l)
    0x00001014   0x00000038   Code   RO          175    CL$$btod_d2e        btod.o(c_t.l)
    0x0000104c   0x00000054   Code   RO          177    CL$$btod_d2e_denorm_low  btod.o(c_t.l)
    0x000010a0   0x00000068   Code   RO          176    CL$$btod_d2e_norm_op1  btod.o(c_t.l)
    0x00001108   0x0000034c   Code   RO          185    CL$$btod_div_common  btod.o(c_t.l)
    0x00001454   0x000000dc   Code   RO          182    CL$$btod_e2e        btod.o(c_t.l)
    0x00001530   0x00000004   Ven    RO          179    CL$$btod_ediv       btod.o(c_t.l)
    0x00001534   0x00000034   Code   RO          179    CL$$btod_ediv       btod.o(c_t.l)
    0x00001568   0x00000004   Ven    RO          178    CL$$btod_emul       btod.o(c_t.l)
    0x0000156c   0x00000034   Code   RO          178    CL$$btod_emul       btod.o(c_t.l)
    0x000015a0   0x00000268   Code   RO          184    CL$$btod_mult_common  btod.o(c_t.l)
    0x00001808   0x0000000c   Ven    RO          389    Veneer$$Code        anon$$obj.o
    0x00001814   0x00000002   Code   RO           93    i.__ARM_common_call_via_r1  __printf.o(c_t.l)
    0x00001816   0x00000002   Code   RO           91    i.__ARM_common_call_via_r2  __printf.o(c_t.l)
    0x00001818   0x00000004   Ven    RO          206    i.__ARM_fpclassify  fpclassify.o(m_ts.l)
    0x0000181c   0x00000030   Code   RO          206    i.__ARM_fpclassify  fpclassify.o(m_ts.l)
    0x0000184c   0x00000004   Ven    RO          198    locale$$code        lc_numeric_c.o(c_t.l)
    0x00001850   0x00000050   Code   RO          198    locale$$code        lc_numeric_c.o(c_t.l)
    0x000018a0   0x00000010   Code   RO          134    x$fpl$dcheck        dcheck.o(fz_ts.l)
    0x000018b0   0x00000058   Code   RO          120    x$fpl$dflt          dflt_noclz.o(fz_ts.l)
    0x00001908   0x0000000c   Code   RO          119    x$fpl$dfltu         dflt_noclz.o(fz_ts.l)
    0x00001914   0x000001dc   Code   RO          123    x$fpl$dmul          dmul.o(fz_ts.l)
    0x00001af0   0x00000118   Code   RO          136    x$fpl$dunder        dunder.o(fz_ts.l)
    0x00001c08   0x00000004   Ven    RO          291    x$fpl$fpinit        fpinit.o(fz_ts.l)
    0x00001c0c   0x00000004   Code   RO          291    x$fpl$fpinit        fpinit.o(fz_ts.l)
    0x00001c10   0x00000004   Ven    RO          202    x$fpl$ieeestatus    istatus.o(fz_ts.l)
    0x00001c14   0x00000008   Code   RO          202    x$fpl$ieeestatus    istatus.o(fz_ts.l)
    0x00001c1c   0x00000004   Code   RO          125    x$fpl$printf1       printf1.o(fz_ts.l)
    0x00001c20   0x00000074   Code   RO          204    x$fpl$retnan        retnan.o(fz_ts.l)
    0x00001c94   0x0000003c   Code   RO          281    x$fpl$trapveneer    trapv.o(fz_ts.l)
    0x00001cd0   0x00000000   Code   RO          138    x$fpl$usenofp       usenofp.o(fz_ts.l)
    0x00001cd0   0x00000094   Data   RO          173    .constdata          bigflt0.o(c_t.l)
    0x00001d64   0x00000020   Data   RO          365    Region$$Table       anon$$obj.o
    0x00001d84   0x0000001c   Data   RO          197    locale$$data        lc_numeric_c.o(c_t.l)


    Execution Region RW_IRAM1 (Base: 0x40000000, Size: 0x00000988, Max: 0x00010000, ABSOLUTE)

    Base Addr    Size         Type   Attr      Idx    E Section Name        Object

    0x40000000   0x00000018   Data   RW           13    .data               main.o
    0x40000018   0x00000004   Data   RW           48    .data               retarget.o
    0x4000001c   0x00000400   Zero   RW           12    .bss                main.o
    0x4000041c   0x00000060   Zero   RW          209    .bss                libspace.o(c_t.l)
    0x4000047c   0x00000004   PAD
    0x40000480   0x00000000   Zero   RW            2    HEAP                lpc2400.o
    0x40000480   0x00000508   Zero   RW            1    STACK               lpc2400.o


==============================================================================

Image component sizes


      Code (inc. data)   RO Data    RW Data    ZI Data      Debug   Object Name

       280         28          0          0          0        711   init.o
       396         60          0          0       1288        520   lpc2400.o
       376         56          0         24       1024       2895   main.o
        72          0          0          4          0       2672   retarget.o
       108          4          0          0          0        622   serial.o

    ----------------------------------------------------------------------
      1244        152         32         28       2312       7420   Object Totals
        12          4         32          0          0          0   (incl. Generated)
         0          0          0          0          0          2   (incl. Padding)

    ----------------------------------------------------------------------

      Code (inc. data)   RO Data    RW Data    ZI Data      Debug   Library Member Name

         8          0          0          0          0         68   __main.o
       124          0          0          0          0        204   __printf.o
        60          8          0          0          0          0   __scatter.o
        40          0          0          0          0          0   __scatter_copy.o
        44          0          0          0          0          0   __scatter_zi.o
        52          4          0          0          0        100   _printf_char_common.o
         8          0          0          0          0          0   _printf_f.o
      1112         12          0          0          0        192   _printf_fp_dec.o
       140         18          0          0          0         84   _printf_fp_infnan.o
         4          0          0          0          0          0   _printf_percent.o
         8          0          0          0          0          0   _printf_percent_end.o
       388          0          0          0          0         80   aeabi_sdiv.o
       200          4        148          0          0         92   bigflt0.o
      2040        128          0          0          0        680   btod.o
        16          4          0          0          0         68   dcheck.o
       100          0          0          0          0        136   dflt_noclz.o
       476         16          0          0          0        128   dmul.o
       280          0          0          0          0         92   dunder.o
        12          0          0          0          0         60   exit.o
        52          4          0          0          0         68   fpclassify.o
         8          0          0          0          0         68   fpinit.o
         6          0          0          0          0        132   heapauxi.o
        12          0          0          0          0         68   istatus.o
        84          8         28          0          0         92   lc_numeric_c.o
        14          0          0          0          0          0   libinit.o
        28          0          0          0          0          0   libinit2.o
        12          0          0          0          0          0   libshutdown.o
         6          0          0          0          0          0   libshutdown2.o
        12          4          0          0         96         68   libspace.o
       164          0          0          0          0         92   lludiv10.o
        44         10          0          0          0         84   noretval__2printf.o
         4          0          0          0          0         68   printf1.o
       116          0          0          0          0         68   retnan.o
        20          4          0          0          0         68   rt_locale_intlibspace.o
         0          0          0          0          0          0   rtentry.o
        44          4          0          0          0          0   rtentry2.o
         8          0          0          0          0          0   rtentry4.o
         4          0          0          0          0          0   rtexit.o
         8          0          0          0          0          0   rtexit2.o
        48          0          0          0          0         68   rtudiv10.o
       160          4          0          0          0         76   strcmp.o
        96          0          0          0          0         80   sys_stackheap_outer.o
        60          0          0          0          0         68   trapv.o
         4          0          0          0          0         68   use_no_semi.o
         0          0          0          0          0          0   usenofp.o

    ----------------------------------------------------------------------
      6132        232        176          0        100       3220   Library Totals
         6          0          0          0          4          0   (incl. Padding)

    ----------------------------------------------------------------------

      Code (inc. data)   RO Data    RW Data    ZI Data      Debug   Library Name

      5002        208        176          0         96       2388   c_t.l
      1072         20          0          0          0        764   fz_ts.l
        52          4          0          0          0         68   m_ts.l

    ----------------------------------------------------------------------
      6132        232        176          0        100       3220   Library Totals

    ----------------------------------------------------------------------

==============================================================================


      Code (inc. data)   RO Data    RW Data    ZI Data      Debug   

      7376        384        208         28       2412       8672   Grand Totals
      7376        384        208         28       2412       8672   ELF Image Totals
      7376        384        208         28          0          0   ROM Totals

==============================================================================

    Total RO  Size (Code + RO Data)                 7584 (   7.41kB)
    Total RW  Size (RW Data + ZI Data)              2440 (   2.38kB)
    Total ROM Size (Code + RO Data + RW Data)       7612 (   7.43kB)

==============================================================================

